---
source: influxdb3/tests/server/cli.rs
expression: output
---
error: invalid value 'fake' for '--precision <PRECISION>': unrecognized precision unit: fake

For more information, try '--help'.
