---
source: influxdb3/tests/server/query.rs
description: SHOW RETENTION POLICIES on bar db
expression: response
---
{"results":[{"statement_id":0,"series":[{"name":"retention_policies","columns":["name","duration","default"],"values":[["bar","30days",true]]}]}]}
