---
source: influxdb3/tests/server/cli.rs
expression: result
---
distinct cache deleted successfully
