---
source: influxdb3/tests/server/cli.rs
expression: result
snapshot_kind: text
---
Create command failed: server responded with error [409 Conflict]: table 'foo.bar' already exists
