---
source: influxdb3_write/src/write_buffer/mod.rs
expression: catalog_json
---
{
  "databases": [
    {
      "id": 0,
      "name": "db",
      "tables": [
        {
          "cols": {
            "f1": {
              "column_id": 0,
              "influx_type": "field",
              "nullable": true,
              "type": "bool"
            },
            "f2": {
              "column_id": 3,
              "influx_type": "field",
              "nullable": true,
              "type": "i64"
            },
            "t1": {
              "column_id": 1,
              "influx_type": "tag",
              "nullable": true,
              "type": {
                "dict": [
                  "i32",
                  "str"
                ]
              }
            },
            "time": {
              "column_id": 2,
              "influx_type": "time",
              "nullable": false,
              "type": {
                "time": [
                  "ns",
                  null
                ]
              }
            }
          },
          "column_map": [
            {
              "column_id": 0,
              "name": "f1"
            },
            {
              "column_id": 1,
              "name": "t1"
            },
            {
              "column_id": 2,
              "name": "time"
            },
            {
              "column_id": 3,
              "name": "f2"
            }
          ],
          "last_caches": [
            {
              "keys": [
                "t1"
              ],
              "n": 1,
              "name": "cache",
              "table": "table",
              "table_id": 0,
              "ttl": 14400,
              "vals": null
            }
          ],
          "next_column_id": 4,
          "table_id": 0,
          "table_name": "table"
        }
      ]
    }
  ],
  "db_map": [
    {
      "db_id": 0,
      "name": "db"
    }
  ],
  "host_id": "test_host",
  "instance_id": "[uuid]",
  "sequence": 3
}
