---
source: influxdb3_catalog/src/catalog/pro.rs
expression: a_to_b_map
---
dbs:
  0: 1
tables:
  0: 1
columns:
  0: 3
  1: 4
  2: 5
