---
source: influxdb3_catalog/src/catalog.rs
expression: catalog.snapshot()
snapshot_kind: text
---
{
  "nodes": {
    "repo": [],
    "next_id": 0
  },
  "databases": {
    "repo": [
      [
        0,
        {
          "id": 0,
          "name": "_internal",
          "tables": {
            "repo": [],
            "next_id": 0
          },
          "retention_period": "Indefinite",
          "processing_engine_triggers": {
            "repo": [],
            "next_id": 0
          },
          "deleted": false
        }
      ],
      [
        1,
        {
          "id": 1,
          "name": "test_db",
          "tables": {
            "repo": [
              [
                0,
                {
                  "table_id": 0,
                  "table_name": "test_tbl",
                  "key": [
                    0
                  ],
                  "columns": {
                    "repo": [
                      [
                        1,
                        {
                          "name": "f1",
                          "id": 1,
                          "type": "str",
                          "influx_type": "field",
                          "nullable": true
                        }
                      ],
                      [
                        3,
                        {
                          "name": "f2",
                          "id": 3,
                          "type": "i64",
                          "influx_type": "field",
                          "nullable": true
                        }
                      ],
                      [
                        0,
                        {
                          "name": "t1",
                          "id": 0,
                          "type": {
                            "dict": [
                              "i32",
                              "str"
                            ]
                          },
                          "influx_type": "tag",
                          "nullable": true
                        }
                      ],
                      [
                        2,
                        {
                          "name": "time",
                          "id": 2,
                          "type": {
                            "time": [
                              "ns",
                              null
                            ]
                          },
                          "influx_type": "time",
                          "nullable": false
                        }
                      ]
                    ],
                    "next_id": 4
                  },
                  "last_caches": {
                    "repo": [],
                    "next_id": 0
                  },
                  "distinct_caches": {
                    "repo": [],
                    "next_id": 0
                  },
                  "deleted": false
                }
              ]
            ],
            "next_id": 1
          },
          "retention_period": "Indefinite",
          "processing_engine_triggers": {
            "repo": [],
            "next_id": 0
          },
          "deleted": false
        }
      ]
    ],
    "next_id": 2
  },
  "sequence": 4,
  "tokens": {
    "repo": [],
    "next_id": 0
  },
  "catalog_id": "test",
  "catalog_uuid": "[uuid]"
}
