---
source: influxdb3_pro/buffer/src/replica.rs
description: table definition in primary catalog after mapping and applying replica WAL content
expression: tbl
---
table_id: 3
table_name: pow
cols:
  - - 9
    - name: f1
      id: 9
      type: bool
      influx_type: field
      nullable: true
  - - 8
    - name: t1
      id: 8
      type:
        dict:
          - i32
          - str
      influx_type: tag
      nullable: true
deleted: false
