---
source: influxdb3_pro/buffer/src/replica.rs
description: id map before mapping replica WAL content
expression: id_map
---
dbs:
  1: 0
tables:
  1: 0
