---
source: influxdb3_server/tests/lib.rs
expression: plan
---
+---------------+----------------------------------------------------------------------------------------------------------------------------------------------------------------------------------------------------------------------------------------------------------------------------------------------------------------------------------------------------------------------------------------+
| plan_type     | plan                                                                                                                                                                                                                                                                                                                                                                                   |
+---------------+----------------------------------------------------------------------------------------------------------------------------------------------------------------------------------------------------------------------------------------------------------------------------------------------------------------------------------------------------------------------------------------+
| logical_plan  | TableScan: bar projection=[time, val]                                                                                                                                                                                                                                                                                                                                                  |
| physical_plan | ProjectionExec: expr=[time@0 as time, val@1 as val]                                                                                                                                                                                                                                                                                                                                    |
|               |   DeduplicateExec: [time@0 ASC]                                                                                                                                                                                                                                                                                                                                                        |
|               |     SortExec: expr=[time@0 ASC, __chunk_order@2 ASC], preserve_partitioning=[false]                                                                                                                                                                                                                                                                                                    |
|               |       ParquetExec: file_groups={1 group: [[test-node/dbs/foo-1/bar-0/1970-01-01/00-00/0000000003.parquet, test-node/dbs/foo-1/bar-0/1970-01-01/00-00/0000000006.parquet, test-node/dbs/foo-1/bar-0/1970-01-01/00-00/0000000009.parquet, test-node/dbs/foo-1/bar-0/1970-01-01/00-00/0000000012.parquet]]}, projection=[time, val, __chunk_order], output_ordering=[__chunk_order@2 ASC] |
|               |                                                                                                                                                                                                                                                                                                                                                                                        |
+---------------+----------------------------------------------------------------------------------------------------------------------------------------------------------------------------------------------------------------------------------------------------------------------------------------------------------------------------------------------------------------------------------------+
