---
source: influxdb3/tests/cli/mod.rs
expression: output
---
+-------------------------------------+---------------------------------------------------------------------------------------------------------------------------------------------------------------------------------------------------------------------+
| table_name                          | column_names                                                                                                                                                                                                        |
+-------------------------------------+---------------------------------------------------------------------------------------------------------------------------------------------------------------------------------------------------------------------+
| distinct_caches                     | [table, name, column_ids, column_names, max_cardinality, max_age_seconds]                                                                                                                                           |
| last_caches                         | [table, name, key_column_ids, key_column_names, value_column_ids, value_column_names, count, ttl]                                                                                                                   |
| parquet_files                       | [table_name, path, size_bytes, row_count, min_time, max_time]                                                                                                                                                       |
| processing_engine_logs              | [event_time, trigger_name, log_level, log_text]                                                                                                                                                                     |
| processing_engine_trigger_arguments | [trigger_name, argument_key, argument_value]                                                                                                                                                                        |
| processing_engine_triggers          | [trigger_name, plugin_filename, trigger_specification, disabled]                                                                                                                                                    |
| queries                             | [id, phase, issue_time, query_type, query_text, partitions, parquet_files, plan_duration, permit_duration, execute_duration, end2end_duration, compute_duration, max_memory, success, running, cancelled, trace_id] |
+-------------------------------------+---------------------------------------------------------------------------------------------------------------------------------------------------------------------------------------------------------------------+
