---
source: influxdb3/tests/cli/mod.rs
expression: output
---
++
++
